Archive member included to satisfy reference by file (symbol)

c:/st/stm32cubeide_1.10.1/stm32cubeide/plugins/com.st.stm32cube.ide.mcu.externaltools.gnu-tools-for-stm32.10.3-2021.10.win32_1.0.0.202111181127/tools/bin/../lib/gcc/arm-none-eabi/10.3.1/../../../../arm-none-eabi/lib/thumb/v7e-m+fp/hard\libc_nano.a(lib_a-errno.o)
                              ./Core/Src/syscalls.o (__errno)
c:/st/stm32cubeide_1.10.1/stm32cubeide/plugins/com.st.stm32cube.ide.mcu.externaltools.gnu-tools-for-stm32.10.3-2021.10.win32_1.0.0.202111181127/tools/bin/../lib/gcc/arm-none-eabi/10.3.1/../../../../arm-none-eabi/lib/thumb/v7e-m+fp/hard\libc_nano.a(lib_a-exit.o)
                              c:/st/stm32cubeide_1.10.1/stm32cubeide/plugins/com.st.stm32cube.ide.mcu.externaltools.gnu-tools-for-stm32.10.3-2021.10.win32_1.0.0.202111181127/tools/bin/../lib/gcc/arm-none-eabi/10.3.1/../../../../arm-none-eabi/lib/thumb/v7e-m+fp/hard/crt0.o (exit)
c:/st/stm32cubeide_1.10.1/stm32cubeide/plugins/com.st.stm32cube.ide.mcu.externaltools.gnu-tools-for-stm32.10.3-2021.10.win32_1.0.0.202111181127/tools/bin/../lib/gcc/arm-none-eabi/10.3.1/../../../../arm-none-eabi/lib/thumb/v7e-m+fp/hard\libc_nano.a(lib_a-impure.o)
                              c:/st/stm32cubeide_1.10.1/stm32cubeide/plugins/com.st.stm32cube.ide.mcu.externaltools.gnu-tools-for-stm32.10.3-2021.10.win32_1.0.0.202111181127/tools/bin/../lib/gcc/arm-none-eabi/10.3.1/../../../../arm-none-eabi/lib/thumb/v7e-m+fp/hard\libc_nano.a(lib_a-exit.o) (_global_impure_ptr)
c:/st/stm32cubeide_1.10.1/stm32cubeide/plugins/com.st.stm32cube.ide.mcu.externaltools.gnu-tools-for-stm32.10.3-2021.10.win32_1.0.0.202111181127/tools/bin/../lib/gcc/arm-none-eabi/10.3.1/../../../../arm-none-eabi/lib/thumb/v7e-m+fp/hard\libc_nano.a(lib_a-init.o)
                              c:/st/stm32cubeide_1.10.1/stm32cubeide/plugins/com.st.stm32cube.ide.mcu.externaltools.gnu-tools-for-stm32.10.3-2021.10.win32_1.0.0.202111181127/tools/bin/../lib/gcc/arm-none-eabi/10.3.1/../../../../arm-none-eabi/lib/thumb/v7e-m+fp/hard/crt0.o (__libc_init_array)
c:/st/stm32cubeide_1.10.1/stm32cubeide/plugins/com.st.stm32cube.ide.mcu.externaltools.gnu-tools-for-stm32.10.3-2021.10.win32_1.0.0.202111181127/tools/bin/../lib/gcc/arm-none-eabi/10.3.1/../../../../arm-none-eabi/lib/thumb/v7e-m+fp/hard\libc_nano.a(lib_a-memset.o)
                              c:/st/stm32cubeide_1.10.1/stm32cubeide/plugins/com.st.stm32cube.ide.mcu.externaltools.gnu-tools-for-stm32.10.3-2021.10.win32_1.0.0.202111181127/tools/bin/../lib/gcc/arm-none-eabi/10.3.1/../../../../arm-none-eabi/lib/thumb/v7e-m+fp/hard/crt0.o (memset)
c:/st/stm32cubeide_1.10.1/stm32cubeide/plugins/com.st.stm32cube.ide.mcu.externaltools.gnu-tools-for-stm32.10.3-2021.10.win32_1.0.0.202111181127/tools/bin/../lib/gcc/arm-none-eabi/10.3.1/thumb/v7e-m+fp/hard\libgcc.a(_aeabi_uldivmod.o)
                              ./Drivers/STM32G4xx_HAL_Driver/Src/stm32g4xx_hal_uart.o (__aeabi_uldivmod)
c:/st/stm32cubeide_1.10.1/stm32cubeide/plugins/com.st.stm32cube.ide.mcu.externaltools.gnu-tools-for-stm32.10.3-2021.10.win32_1.0.0.202111181127/tools/bin/../lib/gcc/arm-none-eabi/10.3.1/thumb/v7e-m+fp/hard\libgcc.a(_udivmoddi4.o)
                              c:/st/stm32cubeide_1.10.1/stm32cubeide/plugins/com.st.stm32cube.ide.mcu.externaltools.gnu-tools-for-stm32.10.3-2021.10.win32_1.0.0.202111181127/tools/bin/../lib/gcc/arm-none-eabi/10.3.1/thumb/v7e-m+fp/hard\libgcc.a(_aeabi_uldivmod.o) (__udivmoddi4)
c:/st/stm32cubeide_1.10.1/stm32cubeide/plugins/com.st.stm32cube.ide.mcu.externaltools.gnu-tools-for-stm32.10.3-2021.10.win32_1.0.0.202111181127/tools/bin/../lib/gcc/arm-none-eabi/10.3.1/thumb/v7e-m+fp/hard\libgcc.a(_dvmd_tls.o)
                              c:/st/stm32cubeide_1.10.1/stm32cubeide/plugins/com.st.stm32cube.ide.mcu.externaltools.gnu-tools-for-stm32.10.3-2021.10.win32_1.0.0.202111181127/tools/bin/../lib/gcc/arm-none-eabi/10.3.1/thumb/v7e-m+fp/hard\libgcc.a(_aeabi_uldivmod.o) (__aeabi_ldiv0)

Discarded input sections

 .text          0x0000000000000000        0x0 c:/st/stm32cubeide_1.10.1/stm32cubeide/plugins/com.st.stm32cube.ide.mcu.externaltools.gnu-tools-for-stm32.10.3-2021.10.win32_1.0.0.202111181127/tools/bin/../lib/gcc/arm-none-eabi/10.3.1/thumb/v7e-m+fp/hard/crti.o
 .data          0x0000000000000000        0x0 c:/st/stm32cubeide_1.10.1/stm32cubeide/plugins/com.st.stm32cube.ide.mcu.externaltools.gnu-tools-for-stm32.10.3-2021.10.win32_1.0.0.202111181127/tools/bin/../lib/gcc/arm-none-eabi/10.3.1/thumb/v7e-m+fp/hard/crti.o
 .bss           0x0000000000000000        0x0 c:/st/stm32cubeide_1.10.1/stm32cubeide/plugins/com.st.stm32cube.ide.mcu.externaltools.gnu-tools-for-stm32.10.3-2021.10.win32_1.0.0.202111181127/tools/bin/../lib/gcc/arm-none-eabi/10.3.1/thumb/v7e-m+fp/hard/crti.o
[...]
Memory Configuration

Name             Origin             Length             Attributes
RAM              0x0000000020000000 0x0000000000020000 xrw
FLASH            0x0000000008000000 0x0000000000080000 xr
*default*        0x0000000000000000 0xffffffffffffffff

Linker script and memory map

LOAD c:/st/stm32cubeide_1.10.1/stm32cubeide/plugins/com.st.stm32cube.ide.mcu.externaltools.gnu-tools-for-stm32.10.3-2021.10.win32_1.0.0.202111181127/tools/bin/../lib/gcc/arm-none-eabi/10.3.1/thumb/v7e-m+fp/hard/crti.o
LOAD c:/st/stm32cubeide_1.10.1/stm32cubeide/plugins/com.st.stm32cube.ide.mcu.externaltools.gnu-tools-for-stm32.10.3-2021.10.win32_1.0.0.202111181127/tools/bin/../lib/gcc/arm-none-eabi/10.3.1/thumb/v7e-m+fp/hard/crtbegin.o
LOAD c:/st/stm32cubeide_1.10.1/stm32cubeide/plugins/com.st.stm32cube.ide.mcu.externaltools.gnu-tools-for-stm32.10.3-2021.10.win32_1.0.0.202111181127/tools/bin/../lib/gcc/arm-none-eabi/10.3.1/../../../../arm-none-eabi/lib/thumb/v7e-m+fp/hard/crt0.o
LOAD ./Core/Src/gpio.o
LOAD ./Core/Src/main.o
LOAD ./Core/Src/stm32g4xx_hal_msp.o
LOAD ./Core/Src/stm32g4xx_it.o
LOAD ./Core/Src/syscalls.o
LOAD ./Core/Src/sysmem.o
LOAD ./Core/Src/system_stm32g4xx.o
LOAD ./Core/Src/usart.o
LOAD ./Core/Startup/startup_stm32g474retx.o
LOAD ./Drivers/STM32G4xx_HAL_Driver/Src/stm32g4xx_hal.o
LOAD ./Drivers/STM32G4xx_HAL_Driver/Src/stm32g4xx_hal_cortex.o
LOAD ./Drivers/STM32G4xx_HAL_Driver/Src/stm32g4xx_hal_dma.o
LOAD ./Drivers/STM32G4xx_HAL_Driver/Src/stm32g4xx_hal_dma_ex.o
LOAD ./Drivers/STM32G4xx_HAL_Driver/Src/stm32g4xx_hal_exti.o
LOAD ./Drivers/STM32G4xx_HAL_Driver/Src/stm32g4xx_hal_flash.o
LOAD ./Drivers/STM32G4xx_HAL_Driver/Src/stm32g4xx_hal_flash_ex.o
LOAD ./Drivers/STM32G4xx_HAL_Driver/Src/stm32g4xx_hal_flash_ramfunc.o
LOAD ./Drivers/STM32G4xx_HAL_Driver/Src/stm32g4xx_hal_gpio.o
LOAD ./Drivers/STM32G4xx_HAL_Driver/Src/stm32g4xx_hal_pwr.o
LOAD ./Drivers/STM32G4xx_HAL_Driver/Src/stm32g4xx_hal_pwr_ex.o
LOAD ./Drivers/STM32G4xx_HAL_Driver/Src/stm32g4xx_hal_rcc.o
LOAD ./Drivers/STM32G4xx_HAL_Driver/Src/stm32g4xx_hal_rcc_ex.o
LOAD ./Drivers/STM32G4xx_HAL_Driver/Src/stm32g4xx_hal_tim.o
LOAD ./Drivers/STM32G4xx_HAL_Driver/Src/stm32g4xx_hal_tim_ex.o
LOAD ./Drivers/STM32G4xx_HAL_Driver/Src/stm32g4xx_hal_uart.o
LOAD ./Drivers/STM32G4xx_HAL_Driver/Src/stm32g4xx_hal_uart_ex.o
START GROUP
LOAD c:/st/stm32cubeide_1.10.1/stm32cubeide/plugins/com.st.stm32cube.ide.mcu.externaltools.gnu-tools-for-stm32.10.3-2021.10.win32_1.0.0.202111181127/tools/bin/../lib/gcc/arm-none-eabi/10.3.1/../../../../arm-none-eabi/lib/thumb/v7e-m+fp/hard\libc_nano.a
LOAD c:/st/stm32cubeide_1.10.1/stm32cubeide/plugins/com.st.stm32cube.ide.mcu.externaltools.gnu-tools-for-stm32.10.3-2021.10.win32_1.0.0.202111181127/tools/bin/../lib/gcc/arm-none-eabi/10.3.1/../../../../arm-none-eabi/lib/thumb/v7e-m+fp/hard\libm.a
END GROUP
START GROUP
LOAD c:/st/stm32cubeide_1.10.1/stm32cubeide/plugins/com.st.stm32cube.ide.mcu.externaltools.gnu-tools-for-stm32.10.3-2021.10.win32_1.0.0.202111181127/tools/bin/../lib/gcc/arm-none-eabi/10.3.1/thumb/v7e-m+fp/hard\libgcc.a
LOAD c:/st/stm32cubeide_1.10.1/stm32cubeide/plugins/com.st.stm32cube.ide.mcu.externaltools.gnu-tools-for-stm32.10.3-2021.10.win32_1.0.0.202111181127/tools/bin/../lib/gcc/arm-none-eabi/10.3.1/../../../../arm-none-eabi/lib/thumb/v7e-m+fp/hard\libc_nano.a
END GROUP
START GROUP
LOAD c:/st/stm32cubeide_1.10.1/stm32cubeide/plugins/com.st.stm32cube.ide.mcu.externaltools.gnu-tools-for-stm32.10.3-2021.10.win32_1.0.0.202111181127/tools/bin/../lib/gcc/arm-none-eabi/10.3.1/thumb/v7e-m+fp/hard\libgcc.a
LOAD c:/st/stm32cubeide_1.10.1/stm32cubeide/plugins/com.st.stm32cube.ide.mcu.externaltools.gnu-tools-for-stm32.10.3-2021.10.win32_1.0.0.202111181127/tools/bin/../lib/gcc/arm-none-eabi/10.3.1/../../../../arm-none-eabi/lib/thumb/v7e-m+fp/hard\libc_nano.a
LOAD c:/st/stm32cubeide_1.10.1/stm32cubeide/plugins/com.st.stm32cube.ide.mcu.externaltools.gnu-tools-for-stm32.10.3-2021.10.win32_1.0.0.202111181127/tools/bin/../lib/gcc/arm-none-eabi/10.3.1/../../../../arm-none-eabi/lib/thumb/v7e-m+fp/hard\libnosys.a
END GROUP
START GROUP
LOAD c:/st/stm32cubeide_1.10.1/stm32cubeide/plugins/com.st.stm32cube.ide.mcu.externaltools.gnu-tools-for-stm32.10.3-2021.10.win32_1.0.0.202111181127/tools/bin/../lib/gcc/arm-none-eabi/10.3.1/thumb/v7e-m+fp/hard\libgcc.a
LOAD c:/st/stm32cubeide_1.10.1/stm32cubeide/plugins/com.st.stm32cube.ide.mcu.externaltools.gnu-tools-for-stm32.10.3-2021.10.win32_1.0.0.202111181127/tools/bin/../lib/gcc/arm-none-eabi/10.3.1/../../../../arm-none-eabi/lib/thumb/v7e-m+fp/hard\libc_nano.a
LOAD c:/st/stm32cubeide_1.10.1/stm32cubeide/plugins/com.st.stm32cube.ide.mcu.externaltools.gnu-tools-for-stm32.10.3-2021.10.win32_1.0.0.202111181127/tools/bin/../lib/gcc/arm-none-eabi/10.3.1/../../../../arm-none-eabi/lib/thumb/v7e-m+fp/hard\libnosys.a
END GROUP
LOAD c:/st/stm32cubeide_1.10.1/stm32cubeide/plugins/com.st.stm32cube.ide.mcu.externaltools.gnu-tools-for-stm32.10.3-2021.10.win32_1.0.0.202111181127/tools/bin/../lib/gcc/arm-none-eabi/10.3.1/thumb/v7e-m+fp/hard/crtend.o
LOAD c:/st/stm32cubeide_1.10.1/stm32cubeide/plugins/com.st.stm32cube.ide.mcu.externaltools.gnu-tools-for-stm32.10.3-2021.10.win32_1.0.0.202111181127/tools/bin/../lib/gcc/arm-none-eabi/10.3.1/thumb/v7e-m+fp/hard/crtn.o
                0x0000000020020000                _estack = (ORIGIN (RAM) + LENGTH (RAM))
                0x0000000000000200                _Min_Heap_Size = 0x200
                0x0000000000000400                _Min_Stack_Size = 0x400

.isr_vector     0x0000000008000000      0x1d8
                0x0000000008000000                . = ALIGN (0x4)
 *(.isr_vector)
 .isr_vector    0x0000000008000000      0x1d8 ./Core/Startup/startup_stm32g474retx.o
                0x0000000008000000                g_pfnVectors
                0x00000000080001d8                . = ALIGN (0x4)

.text           0x00000000080001d8     0x2ba4
                0x00000000080001d8                . = ALIGN (0x4)
 *(.text)
 .text          0x00000000080001d8       0x40 c:/st/stm32cubeide_1.10.1/stm32cubeide/plugins/com.st.stm32cube.ide.mcu.externaltools.gnu-tools-for-stm32.10.3-2021.10.win32_1.0.0.202111181127/tools/bin/../lib/gcc/arm-none-eabi/10.3.1/thumb/v7e-m+fp/hard/crtbegin.o
 .text          0x0000000008000218       0x30 c:/st/stm32cubeide_1.10.1/stm32cubeide/plugins/com.st.stm32cube.ide.mcu.externaltools.gnu-tools-for-stm32.10.3-2021.10.win32_1.0.0.202111181127/tools/bin/../lib/gcc/arm-none-eabi/10.3.1/thumb/v7e-m+fp/hard\libgcc.a(_aeabi_uldivmod.o)
                0x0000000008000218                __aeabi_uldivmod
 .text          0x0000000008000248      0x2d0 c:/st/stm32cubeide_1.10.1/stm32cubeide/plugins/com.st.stm32cube.ide.mcu.externaltools.gnu-tools-for-stm32.10.3-2021.10.win32_1.0.0.202111181127/tools/bin/../lib/gcc/arm-none-eabi/10.3.1/thumb/v7e-m+fp/hard\libgcc.a(_udivmoddi4.o)
                0x0000000008000248                __udivmoddi4
 .text          0x0000000008000518        0x4 c:/st/stm32cubeide_1.10.1/stm32cubeide/plugins/com.st.stm32cube.ide.mcu.externaltools.gnu-tools-for-stm32.10.3-2021.10.win32_1.0.0.202111181127/tools/bin/../lib/gcc/arm-none-eabi/10.3.1/thumb/v7e-m+fp/hard\libgcc.a(_dvmd_tls.o)
                0x0000000008000518                __aeabi_idiv0
                0x0000000008000518                __aeabi_ldiv0
 *(.text*)
 .text.MX_GPIO_Init
                0x000000000800051c      0x124 ./Core/Src/gpio.o
                0x000000000800051c                MX_GPIO_Init
 .text.main     0x0000000008000640       0x70 ./Core/Src/main.o
                0x0000000008000640                main
 .text.SystemClock_Config
                0x00000000080006b0       0x96 ./Core/Src/main.o
                0x00000000080006b0                SystemClock_Config
 .text.Error_Handler
                0x0000000008000746        0xa ./Core/Src/main.o
                0x0000000008000746                Error_Handler
 .text.HAL_MspInit
                0x0000000008000750       0x48 ./Core/Src/stm32g4xx_hal_msp.o
                0x0000000008000750                HAL_MspInit
 .text.NMI_Handler
                0x0000000008000798        0x6 ./Core/Src/stm32g4xx_it.o
                0x0000000008000798                NMI_Handler
 .text.HardFault_Handler
                0x000000000800079e        0x6 ./Core/Src/stm32g4xx_it.o
                0x000000000800079e                HardFault_Handler
 .text.MemManage_Handler
                0x00000000080007a4        0x6 ./Core/Src/stm32g4xx_it.o
                0x00000000080007a4                MemManage_Handler
 .text.BusFault_Handler
                0x00000000080007aa        0x6 ./Core/Src/stm32g4xx_it.o
                0x00000000080007aa                BusFault_Handler
 .text.UsageFault_Handler
                0x00000000080007b0        0x6 ./Core/Src/stm32g4xx_it.o
                0x00000000080007b0                UsageFault_Handler
 .text.SVC_Handler
                0x00000000080007b6        0xe ./Core/Src/stm32g4xx_it.o
                0x00000000080007b6                SVC_Handler
 .text.DebugMon_Handler
                0x00000000080007c4        0xe ./Core/Src/stm32g4xx_it.o
                0x00000000080007c4                DebugMon_Handler
 .text.PendSV_Handler
                0x00000000080007d2        0xe ./Core/Src/stm32g4xx_it.o
                0x00000000080007d2                PendSV_Handler
 .text.SysTick_Handler
                0x00000000080007e0        0xc ./Core/Src/stm32g4xx_it.o
                0x00000000080007e0                SysTick_Handler
 .text.EXTI15_10_IRQHandler
                0x00000000080007ec       0x10 ./Core/Src/stm32g4xx_it.o
                0x00000000080007ec                EXTI15_10_IRQHandler
 .text.SystemInit
                0x00000000080007fc       0x24 ./Core/Src/system_stm32g4xx.o
                0x00000000080007fc                SystemInit
 .text.MX_LPUART1_UART_Init
                0x0000000008000820       0x94 ./Core/Src/usart.o
                0x0000000008000820                MX_LPUART1_UART_Init
 .text.HAL_UART_MspInit
                0x00000000080008b4       0xb0 ./Core/Src/usart.o
                0x00000000080008b4                HAL_UART_MspInit
 .text.Reset_Handler
                0x0000000008000964       0x50 ./Core/Startup/startup_stm32g474retx.o
                0x0000000008000964                Reset_Handler
 .text.Default_Handler
                0x00000000080009b4        0x2 ./Core/Startup/startup_stm32g474retx.o
                0x00000000080009b4                RTC_Alarm_IRQHandler
                0x00000000080009b4                EXTI2_IRQHandler
                0x00000000080009b4                TIM8_TRG_COM_IRQHandler
                0x00000000080009b4                TIM8_CC_IRQHandler
                0x00000000080009b4                HRTIM1_Master_IRQHandler
                0x00000000080009b4                SPI4_IRQHandler
                0x00000000080009b4                FDCAN3_IT0_IRQHandler
                0x00000000080009b4                TIM1_CC_IRQHandler
                0x00000000080009b4                HRTIM1_FLT_IRQHandler
                0x00000000080009b4                HRTIM1_TIMF_IRQHandler
                0x00000000080009b4                USB_HP_IRQHandler
                0x00000000080009b4                CORDIC_IRQHandler
                0x00000000080009b4                HRTIM1_TIMD_IRQHandler
                0x00000000080009b4                DMA2_Channel8_IRQHandler
                0x00000000080009b4                EXTI3_IRQHandler
                0x00000000080009b4                I2C3_ER_IRQHandler
                0x00000000080009b4                EXTI0_IRQHandler
                0x00000000080009b4                I2C2_EV_IRQHandler
                0x00000000080009b4                FPU_IRQHandler
                0x00000000080009b4                FDCAN1_IT1_IRQHandler
                0x00000000080009b4                TIM1_UP_TIM16_IRQHandler
                0x00000000080009b4                ADC1_2_IRQHandler
                0x00000000080009b4                HRTIM1_TIME_IRQHandler
                0x00000000080009b4                SPI1_IRQHandler
                0x00000000080009b4                TIM6_DAC_IRQHandler
                0x00000000080009b4                HRTIM1_TIMC_IRQHandler
                0x00000000080009b4                TIM8_UP_IRQHandler
                0x00000000080009b4                DMA2_Channel2_IRQHandler
                0x00000000080009b4                DMA1_Channel4_IRQHandler
                0x00000000080009b4                TIM20_TRG_COM_IRQHandler
                0x00000000080009b4                USART3_IRQHandler
                0x00000000080009b4                DMA1_Channel7_IRQHandler
                0x00000000080009b4                UART5_IRQHandler
                0x00000000080009b4                ADC3_IRQHandler
                0x00000000080009b4                TIM4_IRQHandler
                0x00000000080009b4                DMA2_Channel1_IRQHandler
                0x00000000080009b4                QUADSPI_IRQHandler
                0x00000000080009b4                I2C1_EV_IRQHandler
                0x00000000080009b4                DMA1_Channel6_IRQHandler
                0x00000000080009b4                UART4_IRQHandler
                0x00000000080009b4                DMA2_Channel4_IRQHandler
                0x00000000080009b4                TIM3_IRQHandler
                0x00000000080009b4                RCC_IRQHandler
                0x00000000080009b4                TIM20_UP_IRQHandler
                0x00000000080009b4                DMA1_Channel1_IRQHandler
                0x00000000080009b4                Default_Handler
                0x00000000080009b4                DMA2_Channel7_IRQHandler
                0x00000000080009b4                RTC_TAMP_LSECSS_IRQHandler
                0x00000000080009b4                FMAC_IRQHandler
                0x00000000080009b4                DMA1_Channel8_IRQHandler
                0x00000000080009b4                HRTIM1_TIMA_IRQHandler
                0x00000000080009b4                TIM7_DAC_IRQHandler
                0x00000000080009b4                FDCAN3_IT1_IRQHandler
                0x00000000080009b4                TIM5_IRQHandler
                0x00000000080009b4                UCPD1_IRQHandler
                0x00000000080009b4                I2C3_EV_IRQHandler
                0x00000000080009b4                EXTI9_5_IRQHandler
                0x00000000080009b4                RTC_WKUP_IRQHandler
                0x00000000080009b4                PVD_PVM_IRQHandler
                0x00000000080009b4                SPI2_IRQHandler
                0x00000000080009b4                ADC5_IRQHandler
                0x00000000080009b4                DMA2_Channel5_IRQHandler
                0x00000000080009b4                CRS_IRQHandler
                0x00000000080009b4                DMA1_Channel5_IRQHandler
                0x00000000080009b4                USB_LP_IRQHandler
                0x00000000080009b4                EXTI4_IRQHandler
                0x00000000080009b4                RNG_IRQHandler
                0x00000000080009b4                HRTIM1_TIMB_IRQHandler
                0x00000000080009b4                TIM1_TRG_COM_TIM17_IRQHandler
                0x00000000080009b4                FDCAN2_IT1_IRQHandler
                0x00000000080009b4                DMA1_Channel3_IRQHandler
                0x00000000080009b4                ADC4_IRQHandler
                0x00000000080009b4                WWDG_IRQHandler
                0x00000000080009b4                I2C4_EV_IRQHandler
                0x00000000080009b4                FDCAN2_IT0_IRQHandler
                0x00000000080009b4                LPUART1_IRQHandler
                0x00000000080009b4                DMA2_Channel6_IRQHandler
                0x00000000080009b4                FDCAN1_IT0_IRQHandler
                0x00000000080009b4                TIM2_IRQHandler
                0x00000000080009b4                COMP7_IRQHandler
                0x00000000080009b4                COMP1_2_3_IRQHandler
                0x00000000080009b4                EXTI1_IRQHandler
                0x00000000080009b4                USART2_IRQHandler
                0x00000000080009b4                COMP4_5_6_IRQHandler
                0x00000000080009b4                TIM20_BRK_IRQHandler
                0x00000000080009b4                I2C2_ER_IRQHandler
                0x00000000080009b4                DMA1_Channel2_IRQHandler
                0x00000000080009b4                TIM8_BRK_IRQHandler
                0x00000000080009b4                FLASH_IRQHandler
                0x00000000080009b4                TIM20_CC_IRQHandler
                0x00000000080009b4                USART1_IRQHandler
                0x00000000080009b4                SPI3_IRQHandler
                0x00000000080009b4                I2C1_ER_IRQHandler
                0x00000000080009b4                FMC_IRQHandler
                0x00000000080009b4                LPTIM1_IRQHandler
                0x00000000080009b4                DMAMUX_OVR_IRQHandler
                0x00000000080009b4                I2C4_ER_IRQHandler
                0x00000000080009b4                USBWakeUp_IRQHandler
                0x00000000080009b4                SAI1_IRQHandler
                0x00000000080009b4                DMA2_Channel3_IRQHandler
                0x00000000080009b4                TIM1_BRK_TIM15_IRQHandler
 .text.HAL_Init
                0x00000000080009b6       0x30 ./Drivers/STM32G4xx_HAL_Driver/Src/stm32g4xx_hal.o
                0x00000000080009b6                HAL_Init
 *fill*         0x00000000080009e6        0x2 
 .text.HAL_InitTick
                0x00000000080009e8       0x74 ./Drivers/STM32G4xx_HAL_Driver/Src/stm32g4xx_hal.o
                0x00000000080009e8                HAL_InitTick
 .text.HAL_IncTick
                0x0000000008000a5c       0x24 ./Drivers/STM32G4xx_HAL_Driver/Src/stm32g4xx_hal.o
                0x0000000008000a5c                HAL_IncTick
 .text.HAL_GetTick
                0x0000000008000a80       0x18 ./Drivers/STM32G4xx_HAL_Driver/Src/stm32g4xx_hal.o
                0x0000000008000a80                HAL_GetTick
 .text.__NVIC_SetPriorityGrouping
                0x0000000008000a98       0x48 ./Drivers/STM32G4xx_HAL_Driver/Src/stm32g4xx_hal_cortex.o
 .text.__NVIC_GetPriorityGrouping
                0x0000000008000ae0       0x1c ./Drivers/STM32G4xx_HAL_Driver/Src/stm32g4xx_hal_cortex.o
 .text.__NVIC_EnableIRQ
                0x0000000008000afc       0x3c ./Drivers/STM32G4xx_HAL_Driver/Src/stm32g4xx_hal_cortex.o
 .text.__NVIC_SetPriority
                0x0000000008000b38       0x54 ./Drivers/STM32G4xx_HAL_Driver/Src/stm32g4xx_hal_cortex.o
 .text.NVIC_EncodePriority
                0x0000000008000b8c       0x66 ./Drivers/STM32G4xx_HAL_Driver/Src/stm32g4xx_hal_cortex.o
 *fill*         0x0000000008000bf2        0x2 
 .text.SysTick_Config
                0x0000000008000bf4       0x44 ./Drivers/STM32G4xx_HAL_Driver/Src/stm32g4xx_hal_cortex.o
 .text.HAL_NVIC_SetPriorityGrouping
                0x0000000008000c38       0x16 ./Drivers/STM32G4xx_HAL_Driver/Src/stm32g4xx_hal_cortex.o
                0x0000000008000c38                HAL_NVIC_SetPriorityGrouping
 .text.HAL_NVIC_SetPriority
                0x0000000008000c4e       0x34 ./Drivers/STM32G4xx_HAL_Driver/Src/stm32g4xx_hal_cortex.o
                0x0000000008000c4e                HAL_NVIC_SetPriority
 .text.HAL_NVIC_EnableIRQ
                0x0000000008000c82       0x1c ./Drivers/STM32G4xx_HAL_Driver/Src/stm32g4xx_hal_cortex.o
                0x0000000008000c82                HAL_NVIC_EnableIRQ
 .text.HAL_SYSTICK_Config
                0x0000000008000c9e       0x18 ./Drivers/STM32G4xx_HAL_Driver/Src/stm32g4xx_hal_cortex.o
                0x0000000008000c9e                HAL_SYSTICK_Config
 *fill*         0x0000000008000cb6        0x2 
 .text.HAL_GPIO_Init
                0x0000000008000cb8      0x304 ./Drivers/STM32G4xx_HAL_Driver/Src/stm32g4xx_hal_gpio.o
                0x0000000008000cb8                HAL_GPIO_Init
 .text.HAL_GPIO_ReadPin
                0x0000000008000fbc       0x30 ./Drivers/STM32G4xx_HAL_Driver/Src/stm32g4xx_hal_gpio.o
                0x0000000008000fbc                HAL_GPIO_ReadPin
 .text.HAL_GPIO_WritePin
                0x0000000008000fec       0x30 ./Drivers/STM32G4xx_HAL_Driver/Src/stm32g4xx_hal_gpio.o
                0x0000000008000fec                HAL_GPIO_WritePin
 .text.HAL_GPIO_TogglePin
                0x000000000800101c       0x34 ./Drivers/STM32G4xx_HAL_Driver/Src/stm32g4xx_hal_gpio.o
                0x000000000800101c                HAL_GPIO_TogglePin
 .text.HAL_GPIO_EXTI_IRQHandler
                0x0000000008001050       0x30 ./Drivers/STM32G4xx_HAL_Driver/Src/stm32g4xx_hal_gpio.o
                0x0000000008001050                HAL_GPIO_EXTI_IRQHandler
 .text.HAL_GPIO_EXTI_Callback
                0x0000000008001080       0x16 ./Drivers/STM32G4xx_HAL_Driver/Src/stm32g4xx_hal_gpio.o
                0x0000000008001080                HAL_GPIO_EXTI_Callback
 *fill*         0x0000000008001096        0x2 
 .text.HAL_PWREx_ControlVoltageScaling
                0x0000000008001098      0x148 ./Drivers/STM32G4xx_HAL_Driver/Src/stm32g4xx_hal_pwr_ex.o
                0x0000000008001098                HAL_PWREx_ControlVoltageScaling
 .text.HAL_PWREx_DisableUCPDDeadBattery
                0x00000000080011e0       0x20 ./Drivers/STM32G4xx_HAL_Driver/Src/stm32g4xx_hal_pwr_ex.o
                0x00000000080011e0                HAL_PWREx_DisableUCPDDeadBattery
 .text.HAL_RCC_OscConfig
                0x0000000008001200      0x630 ./Drivers/STM32G4xx_HAL_Driver/Src/stm32g4xx_hal_rcc.o
                0x0000000008001200                HAL_RCC_OscConfig
 .text.HAL_RCC_ClockConfig
                0x0000000008001830      0x278 ./Drivers/STM32G4xx_HAL_Driver/Src/stm32g4xx_hal_rcc.o
                0x0000000008001830                HAL_RCC_ClockConfig
 .text.HAL_RCC_GetSysClockFreq
                0x0000000008001aa8       0xc4 ./Drivers/STM32G4xx_HAL_Driver/Src/stm32g4xx_hal_rcc.o
                0x0000000008001aa8                HAL_RCC_GetSysClockFreq
 .text.HAL_RCC_GetHCLKFreq
                0x0000000008001b6c       0x18 ./Drivers/STM32G4xx_HAL_Driver/Src/stm32g4xx_hal_rcc.o
                0x0000000008001b6c                HAL_RCC_GetHCLKFreq
 .text.HAL_RCC_GetPCLK1Freq
                0x0000000008001b84       0x2c ./Drivers/STM32G4xx_HAL_Driver/Src/stm32g4xx_hal_rcc.o
                0x0000000008001b84                HAL_RCC_GetPCLK1Freq
 .text.HAL_RCC_GetPCLK2Freq
                0x0000000008001bb0       0x2c ./Drivers/STM32G4xx_HAL_Driver/Src/stm32g4xx_hal_rcc.o
                0x0000000008001bb0                HAL_RCC_GetPCLK2Freq
 .text.RCC_GetSysClockFreqFromPLLSource
                0x0000000008001bdc       0x8c ./Drivers/STM32G4xx_HAL_Driver/Src/stm32g4xx_hal_rcc.o
 .text.HAL_RCCEx_PeriphCLKConfig
                0x0000000008001c68      0x49c ./Drivers/STM32G4xx_HAL_Driver/Src/stm32g4xx_hal_rcc_ex.o
                0x0000000008001c68                HAL_RCCEx_PeriphCLKConfig
 .text.HAL_UART_Init
                0x0000000008002104       0xa0 ./Drivers/STM32G4xx_HAL_Driver/Src/stm32g4xx_hal_uart.o
                0x0000000008002104                HAL_UART_Init
 .text.UART_SetConfig
                0x00000000080021a4      0x5f8 ./Drivers/STM32G4xx_HAL_Driver/Src/stm32g4xx_hal_uart.o
                0x00000000080021a4                UART_SetConfig
 .text.UART_AdvFeatureConfig
                0x000000000800279c      0x144 ./Drivers/STM32G4xx_HAL_Driver/Src/stm32g4xx_hal_uart.o
                0x000000000800279c                UART_AdvFeatureConfig
 .text.UART_CheckIdleState
                0x00000000080028e0       0x96 ./Drivers/STM32G4xx_HAL_Driver/Src/stm32g4xx_hal_uart.o
                0x00000000080028e0                UART_CheckIdleState
 .text.UART_WaitOnFlagUntilTimeout
                0x0000000008002976      0x190 ./Drivers/STM32G4xx_HAL_Driver/Src/stm32g4xx_hal_uart.o
                0x0000000008002976                UART_WaitOnFlagUntilTimeout
 .text.HAL_UARTEx_DisableFifoMode
                0x0000000008002b06       0x72 ./Drivers/STM32G4xx_HAL_Driver/Src/stm32g4xx_hal_uart_ex.o
                0x0000000008002b06                HAL_UARTEx_DisableFifoMode
 .text.HAL_UARTEx_SetTxFifoThreshold
                0x0000000008002b78       0x7c ./Drivers/STM32G4xx_HAL_Driver/Src/stm32g4xx_hal_uart_ex.o
                0x0000000008002b78                HAL_UARTEx_SetTxFifoThreshold
 .text.HAL_UARTEx_SetRxFifoThreshold
                0x0000000008002bf4       0x7c ./Drivers/STM32G4xx_HAL_Driver/Src/stm32g4xx_hal_uart_ex.o
                0x0000000008002bf4                HAL_UARTEx_SetRxFifoThreshold
 .text.UARTEx_SetNbDataToProcess
                0x0000000008002c70       0x9c ./Drivers/STM32G4xx_HAL_Driver/Src/stm32g4xx_hal_uart_ex.o
 .text.__libc_init_array
                0x0000000008002d0c       0x48 c:/st/stm32cubeide_1.10.1/stm32cubeide/plugins/com.st.stm32cube.ide.mcu.externaltools.gnu-tools-for-stm32.10.3-2021.10.win32_1.0.0.202111181127/tools/bin/../lib/gcc/arm-none-eabi/10.3.1/../../../../arm-none-eabi/lib/thumb/v7e-m+fp/hard\libc_nano.a(lib_a-init.o)
                0x0000000008002d0c                __libc_init_array
 .text.memset   0x0000000008002d54       0x10 c:/st/stm32cubeide_1.10.1/stm32cubeide/plugins/com.st.stm32cube.ide.mcu.externaltools.gnu-tools-for-stm32.10.3-2021.10.win32_1.0.0.202111181127/tools/bin/../lib/gcc/arm-none-eabi/10.3.1/../../../../arm-none-eabi/lib/thumb/v7e-m+fp/hard\libc_nano.a(lib_a-memset.o)
                0x0000000008002d54                memset
 *(.glue_7)
 .glue_7        0x0000000008002d64        0x0 linker stubs
 *(.glue_7t)
 .glue_7t       0x0000000008002d64        0x0 linker stubs
 *(.eh_frame)
 .eh_frame      0x0000000008002d64        0x0 c:/st/stm32cubeide_1.10.1/stm32cubeide/plugins/com.st.stm32cube.ide.mcu.externaltools.gnu-tools-for-stm32.10.3-2021.10.win32_1.0.0.202111181127/tools/bin/../lib/gcc/arm-none-eabi/10.3.1/thumb/v7e-m+fp/hard/crtbegin.o
 *(.init)
 .init          0x0000000008002d64        0x4 c:/st/stm32cubeide_1.10.1/stm32cubeide/plugins/com.st.stm32cube.ide.mcu.externaltools.gnu-tools-for-stm32.10.3-2021.10.win32_1.0.0.202111181127/tools/bin/../lib/gcc/arm-none-eabi/10.3.1/thumb/v7e-m+fp/hard/crti.o
                0x0000000008002d64                _init
 .init          0x0000000008002d68        0x8 c:/st/stm32cubeide_1.10.1/stm32cubeide/plugins/com.st.stm32cube.ide.mcu.externaltools.gnu-tools-for-stm32.10.3-2021.10.win32_1.0.0.202111181127/tools/bin/../lib/gcc/arm-none-eabi/10.3.1/thumb/v7e-m+fp/hard/crtn.o
 *(.fini)
 .fini          0x0000000008002d70        0x4 c:/st/stm32cubeide_1.10.1/stm32cubeide/plugins/com.st.stm32cube.ide.mcu.externaltools.gnu-tools-for-stm32.10.3-2021.10.win32_1.0.0.202111181127/tools/bin/../lib/gcc/arm-none-eabi/10.3.1/thumb/v7e-m+fp/hard/crti.o
                0x0000000008002d70                _fini
 .fini          0x0000000008002d74        0x8 c:/st/stm32cubeide_1.10.1/stm32cubeide/plugins/com.st.stm32cube.ide.mcu.externaltools.gnu-tools-for-stm32.10.3-2021.10.win32_1.0.0.202111181127/tools/bin/../lib/gcc/arm-none-eabi/10.3.1/thumb/v7e-m+fp/hard/crtn.o
                0x0000000008002d7c                . = ALIGN (0x4)
                0x0000000008002d7c                _etext = .

.vfp11_veneer   0x0000000008002d7c        0x0
 .vfp11_veneer  0x0000000008002d7c        0x0 linker stubs

.v4_bx          0x0000000008002d7c        0x0
 .v4_bx         0x0000000008002d7c        0x0 linker stubs

.iplt           0x0000000008002d7c        0x0
 .iplt          0x0000000008002d7c        0x0 c:/st/stm32cubeide_1.10.1/stm32cubeide/plugins/com.st.stm32cube.ide.mcu.externaltools.gnu-tools-for-stm32.10.3-2021.10.win32_1.0.0.202111181127/tools/bin/../lib/gcc/arm-none-eabi/10.3.1/thumb/v7e-m+fp/hard/crtbegin.o

.rodata         0x0000000008002d7c       0x40
                0x0000000008002d7c                . = ALIGN (0x4)
 *(.rodata)
 *(.rodata*)
 .rodata.AHBPrescTable
                0x0000000008002d7c       0x10 ./Core/Src/system_stm32g4xx.o
                0x0000000008002d7c                AHBPrescTable
 .rodata.APBPrescTable
                0x0000000008002d8c        0x8 ./Core/Src/system_stm32g4xx.o
                0x0000000008002d8c                APBPrescTable
 .rodata.UARTPrescTable
                0x0000000008002d94       0x18 ./Drivers/STM32G4xx_HAL_Driver/Src/stm32g4xx_hal_uart.o
                0x0000000008002d94                UARTPrescTable
 .rodata.numerator.1
                0x0000000008002dac        0x8 ./Drivers/STM32G4xx_HAL_Driver/Src/stm32g4xx_hal_uart_ex.o
 .rodata.denominator.0
                0x0000000008002db4        0x8 ./Drivers/STM32G4xx_HAL_Driver/Src/stm32g4xx_hal_uart_ex.o
                0x0000000008002dbc                . = ALIGN (0x4)

.ARM.extab      0x0000000008002dbc        0x0
                0x0000000008002dbc                . = ALIGN (0x4)
 *(.ARM.extab* .gnu.linkonce.armextab.*)
                0x0000000008002dbc                . = ALIGN (0x4)

.ARM            0x0000000008002dbc        0x8
                0x0000000008002dbc                . = ALIGN (0x4)
                0x0000000008002dbc                __exidx_start = .
 *(.ARM.exidx*)
 .ARM.exidx     0x0000000008002dbc        0x8 c:/st/stm32cubeide_1.10.1/stm32cubeide/plugins/com.st.stm32cube.ide.mcu.externaltools.gnu-tools-for-stm32.10.3-2021.10.win32_1.0.0.202111181127/tools/bin/../lib/gcc/arm-none-eabi/10.3.1/thumb/v7e-m+fp/hard\libgcc.a(_udivmoddi4.o)
                0x0000000008002dc4                __exidx_end = .
                0x0000000008002dc4                . = ALIGN (0x4)

.rel.dyn        0x0000000008002dc4        0x0
 .rel.iplt      0x0000000008002dc4        0x0 c:/st/stm32cubeide_1.10.1/stm32cubeide/plugins/com.st.stm32cube.ide.mcu.externaltools.gnu-tools-for-stm32.10.3-2021.10.win32_1.0.0.202111181127/tools/bin/../lib/gcc/arm-none-eabi/10.3.1/thumb/v7e-m+fp/hard/crtbegin.o

.preinit_array  0x0000000008002dc4        0x0
                0x0000000008002dc4                . = ALIGN (0x4)
                0x0000000008002dc4                PROVIDE (__preinit_array_start = .)
 *(.preinit_array*)
                0x0000000008002dc4                PROVIDE (__preinit_array_end = .)
                0x0000000008002dc4                . = ALIGN (0x4)

.init_array     0x0000000008002dc4        0x4
                0x0000000008002dc4                . = ALIGN (0x4)
                0x0000000008002dc4                PROVIDE (__init_array_start = .)
 *(SORT_BY_NAME(.init_array.*))
 *(.init_array*)
 .init_array    0x0000000008002dc4        0x4 c:/st/stm32cubeide_1.10.1/stm32cubeide/plugins/com.st.stm32cube.ide.mcu.externaltools.gnu-tools-for-stm32.10.3-2021.10.win32_1.0.0.202111181127/tools/bin/../lib/gcc/arm-none-eabi/10.3.1/thumb/v7e-m+fp/hard/crtbegin.o
                0x0000000008002dc8                PROVIDE (__init_array_end = .)
                0x0000000008002dc8                . = ALIGN (0x4)

.fini_array     0x0000000008002dc8        0x4
                0x0000000008002dc8                . = ALIGN (0x4)
                [!provide]                        PROVIDE (__fini_array_start = .)
 *(SORT_BY_NAME(.fini_array.*))
 *(.fini_array*)
 .fini_array    0x0000000008002dc8        0x4 c:/st/stm32cubeide_1.10.1/stm32cubeide/plugins/com.st.stm32cube.ide.mcu.externaltools.gnu-tools-for-stm32.10.3-2021.10.win32_1.0.0.202111181127/tools/bin/../lib/gcc/arm-none-eabi/10.3.1/thumb/v7e-m+fp/hard/crtbegin.o
                [!provide]                        PROVIDE (__fini_array_end = .)
                0x0000000008002dcc                . = ALIGN (0x4)
                0x0000000008002dcc                _sidata = LOADADDR (.data)

.data           0x0000000020000000        0xc load address 0x0000000008002dcc
                0x0000000020000000                . = ALIGN (0x4)
                0x0000000020000000                _sdata = .
 *(.data)
 *(.data*)
 .data.SystemCoreClock
                0x0000000020000000        0x4 ./Core/Src/system_stm32g4xx.o
                0x0000000020000000                SystemCoreClock
 .data.uwTickPrio
                0x0000000020000004        0x4 ./Drivers/STM32G4xx_HAL_Driver/Src/stm32g4xx_hal.o
                0x0000000020000004                uwTickPrio
 .data.uwTickFreq
                0x0000000020000008        0x4 ./Drivers/STM32G4xx_HAL_Driver/Src/stm32g4xx_hal.o
                0x0000000020000008                uwTickFreq
 *(.RamFunc)
 *(.RamFunc*)
                0x000000002000000c                . = ALIGN (0x4)
                0x000000002000000c                _edata = .

.igot.plt       0x000000002000000c        0x0 load address 0x0000000008002dd8
 .igot.plt      0x000000002000000c        0x0 c:/st/stm32cubeide_1.10.1/stm32cubeide/plugins/com.st.stm32cube.ide.mcu.externaltools.gnu-tools-for-stm32.10.3-2021.10.win32_1.0.0.202111181127/tools/bin/../lib/gcc/arm-none-eabi/10.3.1/thumb/v7e-m+fp/hard/crtbegin.o
                0x000000002000000c                . = ALIGN (0x4)

.bss            0x000000002000000c       0xb0 load address 0x0000000008002dd8
                0x000000002000000c                _sbss = .
                0x000000002000000c                __bss_start__ = _sbss
 *(.bss)
 .bss           0x000000002000000c       0x1c c:/st/stm32cubeide_1.10.1/stm32cubeide/plugins/com.st.stm32cube.ide.mcu.externaltools.gnu-tools-for-stm32.10.3-2021.10.win32_1.0.0.202111181127/tools/bin/../lib/gcc/arm-none-eabi/10.3.1/thumb/v7e-m+fp/hard/crtbegin.o
 *(.bss*)
 .bss.hlpuart1  0x0000000020000028       0x90 ./Core/Src/usart.o
                0x0000000020000028                hlpuart1
 .bss.uwTick    0x00000000200000b8        0x4 ./Drivers/STM32G4xx_HAL_Driver/Src/stm32g4xx_hal.o
                0x00000000200000b8                uwTick
 *(COMMON)
                0x00000000200000bc                . = ALIGN (0x4)
                0x00000000200000bc                _ebss = .
                0x00000000200000bc                __bss_end__ = _ebss

._user_heap_stack
                0x00000000200000bc      0x604 load address 0x0000000008002dd8
                0x00000000200000c0                . = ALIGN (0x8)
 *fill*         0x00000000200000bc        0x4 
                [!provide]                        PROVIDE (end = .)
                0x00000000200000c0                PROVIDE (_end = .)
                0x00000000200002c0                . = (. + _Min_Heap_Size)
 *fill*         0x00000000200000c0      0x200 
                0x00000000200006c0                . = (. + _Min_Stack_Size)
 *fill*         0x00000000200002c0      0x400 
                0x00000000200006c0                . = ALIGN (0x8)

/DISCARD/
 libc.a(*)
 libm.a(*)
 libgcc.a(*)

.ARM.attributes
                0x0000000000000000       0x30
 *(.ARM.attributes)
 .ARM.attributes
                0x0000000000000000       0x1e c:/st/stm32cubeide_1.10.1/stm32cubeide/plugins/com.st.stm32cube.ide.mcu.externaltools.gnu-tools-for-stm32.10.3-2021.10.win32_1.0.0.202111181127/tools/bin/../lib/gcc/arm-none-eabi/10.3.1/thumb/v7e-m+fp/hard/crti.o
 .ARM.attributes
                0x000000000000001e       0x34 c:/st/stm32cubeide_1.10.1/stm32cubeide/plugins/com.st.stm32cube.ide.mcu.externaltools.gnu-tools-for-stm32.10.3-2021.10.win32_1.0.0.202111181127/tools/bin/../lib/gcc/arm-none-eabi/10.3.1/thumb/v7e-m+fp/hard/crtbegin.o
 .ARM.attributes
                0x0000000000000052       0x34 ./Core/Src/gpio.o
 .ARM.attributes
                0x0000000000000086       0x34 ./Core/Src/main.o
 .ARM.attributes
                0x00000000000000ba       0x34 ./Core/Src/stm32g4xx_hal_msp.o
 .ARM.attributes
                0x00000000000000ee       0x34 ./Core/Src/stm32g4xx_it.o
 .ARM.attributes
                0x0000000000000122       0x34 ./Core/Src/system_stm32g4xx.o
 .ARM.attributes
                0x0000000000000156       0x34 ./Core/Src/usart.o
 .ARM.attributes
                0x000000000000018a       0x21 ./Core/Startup/startup_stm32g474retx.o
 .ARM.attributes
                0x00000000000001ab       0x34 ./Drivers/STM32G4xx_HAL_Driver/Src/stm32g4xx_hal.o
 .ARM.attributes
                0x00000000000001df       0x34 ./Drivers/STM32G4xx_HAL_Driver/Src/stm32g4xx_hal_cortex.o
 .ARM.attributes
                0x0000000000000213       0x34 ./Drivers/STM32G4xx_HAL_Driver/Src/stm32g4xx_hal_gpio.o
 .ARM.attributes
                0x0000000000000247       0x34 ./Drivers/STM32G4xx_HAL_Driver/Src/stm32g4xx_hal_pwr_ex.o
 .ARM.attributes
                0x000000000000027b       0x34 ./Drivers/STM32G4xx_HAL_Driver/Src/stm32g4xx_hal_rcc.o
 .ARM.attributes
                0x00000000000002af       0x34 ./Drivers/STM32G4xx_HAL_Driver/Src/stm32g4xx_hal_rcc_ex.o
 .ARM.attributes
                0x00000000000002e3       0x34 ./Drivers/STM32G4xx_HAL_Driver/Src/stm32g4xx_hal_uart.o
 .ARM.attributes
                0x0000000000000317       0x34 ./Drivers/STM32G4xx_HAL_Driver/Src/stm32g4xx_hal_uart_ex.o
 .ARM.attributes
                0x000000000000034b       0x34 c:/st/stm32cubeide_1.10.1/stm32cubeide/plugins/com.st.stm32cube.ide.mcu.externaltools.gnu-tools-for-stm32.10.3-2021.10.win32_1.0.0.202111181127/tools/bin/../lib/gcc/arm-none-eabi/10.3.1/../../../../arm-none-eabi/lib/thumb/v7e-m+fp/hard\libc_nano.a(lib_a-init.o)
 .ARM.attributes
                0x000000000000037f       0x34 c:/st/stm32cubeide_1.10.1/stm32cubeide/plugins/com.st.stm32cube.ide.mcu.externaltools.gnu-tools-for-stm32.10.3-2021.10.win32_1.0.0.202111181127/tools/bin/../lib/gcc/arm-none-eabi/10.3.1/../../../../arm-none-eabi/lib/thumb/v7e-m+fp/hard\libc_nano.a(lib_a-memset.o)
 .ARM.attributes
                0x00000000000003b3       0x1e c:/st/stm32cubeide_1.10.1/stm32cubeide/plugins/com.st.stm32cube.ide.mcu.externaltools.gnu-tools-for-stm32.10.3-2021.10.win32_1.0.0.202111181127/tools/bin/../lib/gcc/arm-none-eabi/10.3.1/thumb/v7e-m+fp/hard\libgcc.a(_aeabi_uldivmod.o)
 .ARM.attributes
                0x00000000000003d1       0x34 c:/st/stm32cubeide_1.10.1/stm32cubeide/plugins/com.st.stm32cube.ide.mcu.externaltools.gnu-tools-for-stm32.10.3-2021.10.win32_1.0.0.202111181127/tools/bin/../lib/gcc/arm-none-eabi/10.3.1/thumb/v7e-m+fp/hard\libgcc.a(_udivmoddi4.o)
 .ARM.attributes
                0x0000000000000405       0x1e c:/st/stm32cubeide_1.10.1/stm32cubeide/plugins/com.st.stm32cube.ide.mcu.externaltools.gnu-tools-for-stm32.10.3-2021.10.win32_1.0.0.202111181127/tools/bin/../lib/gcc/arm-none-eabi/10.3.1/thumb/v7e-m+fp/hard\libgcc.a(_dvmd_tls.o)
 .ARM.attributes
                0x0000000000000423       0x1e c:/st/stm32cubeide_1.10.1/stm32cubeide/plugins/com.st.stm32cube.ide.mcu.externaltools.gnu-tools-for-stm32.10.3-2021.10.win32_1.0.0.202111181127/tools/bin/../lib/gcc/arm-none-eabi/10.3.1/thumb/v7e-m+fp/hard/crtn.o
OUTPUT(Aula_1_2.elf elf32-littlearm)
LOAD linker stubs
LOAD c:/st/stm32cubeide_1.10.1/stm32cubeide/plugins/com.st.stm32cube.ide.mcu.externaltools.gnu-tools-for-stm32.10.3-2021.10.win32_1.0.0.202111181127/tools/bin/../lib/gcc/arm-none-eabi/10.3.1/../../../../arm-none-eabi/lib/thumb/v7e-m+fp/hard\libc.a
LOAD c:/st/stm32cubeide_1.10.1/stm32cubeide/plugins/com.st.stm32cube.ide.mcu.externaltools.gnu-tools-for-stm32.10.3-2021.10.win32_1.0.0.202111181127/tools/bin/../lib/gcc/arm-none-eabi/10.3.1/../../../../arm-none-eabi/lib/thumb/v7e-m+fp/hard\libm.a
LOAD c:/st/stm32cubeide_1.10.1/stm32cubeide/plugins/com.st.stm32cube.ide.mcu.externaltools.gnu-tools-for-stm32.10.3-2021.10.win32_1.0.0.202111181127/tools/bin/../lib/gcc/arm-none-eabi/10.3.1/thumb/v7e-m+fp/hard\libgcc.a

.debug_info     0x0000000000000000     0xc3ae
 .debug_info    0x0000000000000000      0x7dc ./Core/Src/gpio.o
 .debug_info    0x00000000000007dc      0x48b ./Core/Src/main.o
 .debug_info    0x0000000000000c67      0x32d ./Core/Src/stm32g4xx_hal_msp.o
 .debug_info    0x0000000000000f94      0x15f ./Core/Src/stm32g4xx_it.o
 .debug_info    0x00000000000010f3      0x59f ./Core/Src/system_stm32g4xx.o
 .debug_info    0x0000000000001692      0xddd ./Core/Src/usart.o
 .debug_info    0x000000000000246f       0x22 ./Core/Startup/startup_stm32g474retx.o
 .debug_info    0x0000000000002491      0xb9d ./Drivers/STM32G4xx_HAL_Driver/Src/stm32g4xx_hal.o
 .debug_info    0x000000000000302e      0xe7e ./Drivers/STM32G4xx_HAL_Driver/Src/stm32g4xx_hal_cortex.o
 .debug_info    0x0000000000003eac      0x82f ./Drivers/STM32G4xx_HAL_Driver/Src/stm32g4xx_hal_gpio.o
 .debug_info    0x00000000000046db      0x983 ./Drivers/STM32G4xx_HAL_Driver/Src/stm32g4xx_hal_pwr_ex.o
 .debug_info    0x000000000000505e      0xcb7 ./Drivers/STM32G4xx_HAL_Driver/Src/stm32g4xx_hal_rcc.o
 .debug_info    0x0000000000005d15      0xd32 ./Drivers/STM32G4xx_HAL_Driver/Src/stm32g4xx_hal_rcc_ex.o
 .debug_info    0x0000000000006a47     0x4936 ./Drivers/STM32G4xx_HAL_Driver/Src/stm32g4xx_hal_uart.o
 .debug_info    0x000000000000b37d     0x1031 ./Drivers/STM32G4xx_HAL_Driver/Src/stm32g4xx_hal_uart_ex.o

.debug_abbrev   0x0000000000000000     0x1bdd
 .debug_abbrev  0x0000000000000000      0x14f ./Core/Src/gpio.o
 .debug_abbrev  0x000000000000014f      0x1e9 ./Core/Src/main.o
 .debug_abbrev  0x0000000000000338       0xd5 ./Core/Src/stm32g4xx_hal_msp.o
 .debug_abbrev  0x000000000000040d       0x9f ./Core/Src/stm32g4xx_it.o
 .debug_abbrev  0x00000000000004ac      0x116 ./Core/Src/system_stm32g4xx.o
 .debug_abbrev  0x00000000000005c2      0x1fe ./Core/Src/usart.o
 .debug_abbrev  0x00000000000007c0       0x12 ./Core/Startup/startup_stm32g474retx.o
 .debug_abbrev  0x00000000000007d2      0x269 ./Drivers/STM32G4xx_HAL_Driver/Src/stm32g4xx_hal.o
 .debug_abbrev  0x0000000000000a3b      0x30d ./Drivers/STM32G4xx_HAL_Driver/Src/stm32g4xx_hal_cortex.o
 .debug_abbrev  0x0000000000000d48      0x1bb ./Drivers/STM32G4xx_HAL_Driver/Src/stm32g4xx_hal_gpio.o
 .debug_abbrev  0x0000000000000f03      0x229 ./Drivers/STM32G4xx_HAL_Driver/Src/stm32g4xx_hal_pwr_ex.o
 .debug_abbrev  0x000000000000112c      0x2bd ./Drivers/STM32G4xx_HAL_Driver/Src/stm32g4xx_hal_rcc.o
 .debug_abbrev  0x00000000000013e9      0x247 ./Drivers/STM32G4xx_HAL_Driver/Src/stm32g4xx_hal_rcc_ex.o
 .debug_abbrev  0x0000000000001630      0x2f0 ./Drivers/STM32G4xx_HAL_Driver/Src/stm32g4xx_hal_uart.o
 .debug_abbrev  0x0000000000001920      0x2bd ./Drivers/STM32G4xx_HAL_Driver/Src/stm32g4xx_hal_uart_ex.o

.debug_aranges  0x0000000000000000      0x968
 .debug_aranges
                0x0000000000000000       0x20 ./Core/Src/gpio.o
 .debug_aranges
                0x0000000000000020       0x30 ./Core/Src/main.o
 .debug_aranges
                0x0000000000000050       0x20 ./Core/Src/stm32g4xx_hal_msp.o
 .debug_aranges
                0x0000000000000070       0x68 ./Core/Src/stm32g4xx_it.o
 .debug_aranges
                0x00000000000000d8       0x28 ./Core/Src/system_stm32g4xx.o
 .debug_aranges
                0x0000000000000100       0x30 ./Core/Src/usart.o
 .debug_aranges
                0x0000000000000130       0x28 ./Core/Startup/startup_stm32g474retx.o
 .debug_aranges
                0x0000000000000158      0x130 ./Drivers/STM32G4xx_HAL_Driver/Src/stm32g4xx_hal.o
 .debug_aranges
                0x0000000000000288      0x118 ./Drivers/STM32G4xx_HAL_Driver/Src/stm32g4xx_hal_cortex.o
 .debug_aranges
                0x00000000000003a0       0x58 ./Drivers/STM32G4xx_HAL_Driver/Src/stm32g4xx_hal_gpio.o
 .debug_aranges
                0x00000000000003f8      0x140 ./Drivers/STM32G4xx_HAL_Driver/Src/stm32g4xx_hal_pwr_ex.o
 .debug_aranges
                0x0000000000000538       0x98 ./Drivers/STM32G4xx_HAL_Driver/Src/stm32g4xx_hal_rcc.o
 .debug_aranges
                0x00000000000005d0       0xb0 ./Drivers/STM32G4xx_HAL_Driver/Src/stm32g4xx_hal_rcc_ex.o
 .debug_aranges
                0x0000000000000680      0x248 ./Drivers/STM32G4xx_HAL_Driver/Src/stm32g4xx_hal_uart.o
 .debug_aranges
                0x00000000000008c8       0xa0 ./Drivers/STM32G4xx_HAL_Driver/Src/stm32g4xx_hal_uart_ex.o

.debug_ranges   0x0000000000000000      0x8b0
 .debug_ranges  0x0000000000000000       0x10 ./Core/Src/gpio.o
 .debug_ranges  0x0000000000000010       0x20 ./Core/Src/main.o
 .debug_ranges  0x0000000000000030       0x10 ./Core/Src/stm32g4xx_hal_msp.o
 .debug_ranges  0x0000000000000040       0x58 ./Core/Src/stm32g4xx_it.o
 .debug_ranges  0x0000000000000098       0x18 ./Core/Src/system_stm32g4xx.o
 .debug_ranges  0x00000000000000b0       0x20 ./Core/Src/usart.o
 .debug_ranges  0x00000000000000d0       0x20 ./Core/Startup/startup_stm32g474retx.o
 .debug_ranges  0x00000000000000f0      0x120 ./Drivers/STM32G4xx_HAL_Driver/Src/stm32g4xx_hal.o
 .debug_ranges  0x0000000000000210      0x108 ./Drivers/STM32G4xx_HAL_Driver/Src/stm32g4xx_hal_cortex.o
 .debug_ranges  0x0000000000000318       0x48 ./Drivers/STM32G4xx_HAL_Driver/Src/stm32g4xx_hal_gpio.o
 .debug_ranges  0x0000000000000360      0x130 ./Drivers/STM32G4xx_HAL_Driver/Src/stm32g4xx_hal_pwr_ex.o
 .debug_ranges  0x0000000000000490       0x88 ./Drivers/STM32G4xx_HAL_Driver/Src/stm32g4xx_hal_rcc.o
 .debug_ranges  0x0000000000000518       0xa0 ./Drivers/STM32G4xx_HAL_Driver/Src/stm32g4xx_hal_rcc_ex.o
 .debug_ranges  0x00000000000005b8      0x268 ./Drivers/STM32G4xx_HAL_Driver/Src/stm32g4xx_hal_uart.o
 .debug_ranges  0x0000000000000820       0x90 ./Drivers/STM32G4xx_HAL_Driver/Src/stm32g4xx_hal_uart_ex.o

.debug_macro    0x0000000000000000    0x242ac
 .debug_macro   0x0000000000000000      0x1d3 ./Core/Src/gpio.o
 .debug_macro   0x00000000000001d3      0xa78 ./Core/Src/gpio.o
 .debug_macro   0x0000000000000c4b      0x155 ./Core/Src/gpio.o
 .debug_macro   0x0000000000000da0       0x2e ./Core/Src/gpio.o
 .debug_macro   0x0000000000000dce       0x28 ./Core/Src/gpio.o
 .debug_macro   0x0000000000000df6       0x22 ./Core/Src/gpio.o
 .debug_macro   0x0000000000000e18       0x8e ./Core/Src/gpio.o
 .debug_macro   0x0000000000000ea6       0x51 ./Core/Src/gpio.o
 .debug_macro   0x0000000000000ef7      0x103 ./Core/Src/gpio.o
 .debug_macro   0x0000000000000ffa       0x6a ./Core/Src/gpio.o
 .debug_macro   0x0000000000001064      0x1df ./Core/Src/gpio.o
 .debug_macro   0x0000000000001243       0x1c ./Core/Src/gpio.o
 .debug_macro   0x000000000000125f       0x22 ./Core/Src/gpio.o
 .debug_macro   0x0000000000001281       0xfb ./Core/Src/gpio.o
 .debug_macro   0x000000000000137c     0x1011 ./Core/Src/gpio.o
 .debug_macro   0x000000000000238d      0x11f ./Core/Src/gpio.o
 .debug_macro   0x00000000000024ac    0x18b93 ./Core/Src/gpio.o
 .debug_macro   0x000000000001b03f       0x6d ./Core/Src/gpio.o
 .debug_macro   0x000000000001b0ac     0x3554 ./Core/Src/gpio.o
 .debug_macro   0x000000000001e600      0x174 ./Core/Src/gpio.o
 .debug_macro   0x000000000001e774       0x5c ./Core/Src/gpio.o
 .debug_macro   0x000000000001e7d0     0x171f ./Core/Src/gpio.o
 .debug_macro   0x000000000001feef      0x600 ./Core/Src/gpio.o
 .debug_macro   0x00000000000204ef      0x1b6 ./Core/Src/gpio.o
 .debug_macro   0x00000000000206a5      0x34a ./Core/Src/gpio.o
 .debug_macro   0x00000000000209ef      0x53c ./Core/Src/gpio.o
 .debug_macro   0x0000000000020f2b      0x18b ./Core/Src/gpio.o
 .debug_macro   0x00000000000210b6       0x43 ./Core/Src/gpio.o
 .debug_macro   0x00000000000210f9      0x23d ./Core/Src/gpio.o
 .debug_macro   0x0000000000021336      0x211 ./Core/Src/gpio.o
 .debug_macro   0x0000000000021547      0x45c ./Core/Src/gpio.o
 .debug_macro   0x00000000000219a3      0x11c ./Core/Src/gpio.o
 .debug_macro   0x0000000000021abf      0x122 ./Core/Src/gpio.o
 .debug_macro   0x0000000000021be1      0x3d1 ./Core/Src/gpio.o
 .debug_macro   0x0000000000021fb2      0x67e ./Core/Src/gpio.o
 .debug_macro   0x0000000000022630       0xa6 ./Core/Src/gpio.o
 .debug_macro   0x00000000000226d6      0x358 ./Core/Src/gpio.o
 .debug_macro   0x0000000000022a2e       0x82 ./Core/Src/gpio.o
 .debug_macro   0x0000000000022ab0      0x1e1 ./Core/Src/main.o
 .debug_macro   0x0000000000022c91      0x1c9 ./Core/Src/stm32g4xx_hal_msp.o
 .debug_macro   0x0000000000022e5a      0x1d3 ./Core/Src/stm32g4xx_it.o
 .debug_macro   0x000000000002302d      0x1ba ./Core/Src/system_stm32g4xx.o
 .debug_macro   0x00000000000231e7      0x1d3 ./Core/Src/usart.o
 .debug_macro   0x00000000000233ba      0x208 ./Drivers/STM32G4xx_HAL_Driver/Src/stm32g4xx_hal.o
 .debug_macro   0x00000000000235c2      0x1ba ./Drivers/STM32G4xx_HAL_Driver/Src/stm32g4xx_hal_cortex.o
 .debug_macro   0x000000000002377c      0x1c1 ./Drivers/STM32G4xx_HAL_Driver/Src/stm32g4xx_hal_gpio.o
 .debug_macro   0x000000000002393d      0x1e4 ./Drivers/STM32G4xx_HAL_Driver/Src/stm32g4xx_hal_pwr_ex.o
 .debug_macro   0x0000000000023b21      0x1fc ./Drivers/STM32G4xx_HAL_Driver/Src/stm32g4xx_hal_rcc.o
 .debug_macro   0x0000000000023d1d      0x1e4 ./Drivers/STM32G4xx_HAL_Driver/Src/stm32g4xx_hal_rcc_ex.o
 .debug_macro   0x0000000000023f01      0x1e5 ./Drivers/STM32G4xx_HAL_Driver/Src/stm32g4xx_hal_uart.o
 .debug_macro   0x00000000000240e6      0x1c6 ./Drivers/STM32G4xx_HAL_Driver/Src/stm32g4xx_hal_uart_ex.o

.debug_line     0x0000000000000000     0xc16e
 .debug_line    0x0000000000000000      0x6d9 ./Core/Src/gpio.o
 .debug_line    0x00000000000006d9      0x759 ./Core/Src/main.o
 .debug_line    0x0000000000000e32      0x6a6 ./Core/Src/stm32g4xx_hal_msp.o
 .debug_line    0x00000000000014d8      0x780 ./Core/Src/stm32g4xx_it.o
 .debug_line    0x0000000000001c58      0x70f ./Core/Src/system_stm32g4xx.o
 .debug_line    0x0000000000002367      0x743 ./Core/Src/usart.o
 .debug_line    0x0000000000002aaa       0x89 ./Core/Startup/startup_stm32g474retx.o
 .debug_line    0x0000000000002b33      0xa86 ./Drivers/STM32G4xx_HAL_Driver/Src/stm32g4xx_hal.o
 .debug_line    0x00000000000035b9      0xc39 ./Drivers/STM32G4xx_HAL_Driver/Src/stm32g4xx_hal_cortex.o
 .debug_line    0x00000000000041f2      0xac9 ./Drivers/STM32G4xx_HAL_Driver/Src/stm32g4xx_hal_gpio.o
 .debug_line    0x0000000000004cbb      0xc3d ./Drivers/STM32G4xx_HAL_Driver/Src/stm32g4xx_hal_pwr_ex.o
 .debug_line    0x00000000000058f8      0xe9c ./Drivers/STM32G4xx_HAL_Driver/Src/stm32g4xx_hal_rcc.o
 .debug_line    0x0000000000006794     0x11a9 ./Drivers/STM32G4xx_HAL_Driver/Src/stm32g4xx_hal_rcc_ex.o
 .debug_line    0x000000000000793d     0x3b00 ./Drivers/STM32G4xx_HAL_Driver/Src/stm32g4xx_hal_uart.o
 .debug_line    0x000000000000b43d      0xd31 ./Drivers/STM32G4xx_HAL_Driver/Src/stm32g4xx_hal_uart_ex.o

.debug_str      0x0000000000000000    0xe5903
 .debug_str     0x0000000000000000    0xe28c8 ./Core/Src/gpio.o
                                      0xe2b74 (size before relaxing)
 .debug_str     0x00000000000e28c8      0x241 ./Core/Src/main.o
                                      0xe25a3 (size before relaxing)
 .debug_str     0x00000000000e2b09       0x4d ./Core/Src/stm32g4xx_hal_msp.o
                                      0xe2470 (size before relaxing)
 .debug_str     0x00000000000e2b56       0xf7 ./Core/Src/stm32g4xx_it.o
                                      0xe23c1 (size before relaxing)
 .debug_str     0x00000000000e2c4d       0xe5 ./Core/Src/system_stm32g4xx.o
                                      0xe22fd (size before relaxing)
 .debug_str     0x00000000000e2d32      0x762 ./Core/Src/usart.o
                                      0xe2ce4 (size before relaxing)
 .debug_str     0x00000000000e3494       0x70 ./Core/Startup/startup_stm32g474retx.o
 .debug_str     0x00000000000e3504      0x5ba ./Drivers/STM32G4xx_HAL_Driver/Src/stm32g4xx_hal.o
                                      0xe2fe8 (size before relaxing)
 .debug_str     0x00000000000e3abe      0x331 ./Drivers/STM32G4xx_HAL_Driver/Src/stm32g4xx_hal_cortex.o
                                      0xe2c93 (size before relaxing)
 .debug_str     0x00000000000e3def       0xe6 ./Drivers/STM32G4xx_HAL_Driver/Src/stm32g4xx_hal_gpio.o
                                      0xe2488 (size before relaxing)
 .debug_str     0x00000000000e3ed5      0x4a5 ./Drivers/STM32G4xx_HAL_Driver/Src/stm32g4xx_hal_pwr_ex.o
                                      0xe27eb (size before relaxing)
 .debug_str     0x00000000000e437a      0x506 ./Drivers/STM32G4xx_HAL_Driver/Src/stm32g4xx_hal_rcc.o
                                      0xe2a1c (size before relaxing)
 .debug_str     0x00000000000e4880      0x414 ./Drivers/STM32G4xx_HAL_Driver/Src/stm32g4xx_hal_rcc_ex.o
                                      0xe2a46 (size before relaxing)
 .debug_str     0x00000000000e4c94      0xa1e ./Drivers/STM32G4xx_HAL_Driver/Src/stm32g4xx_hal_uart.o
                                      0xe3290 (size before relaxing)
 .debug_str     0x00000000000e56b2      0x251 ./Drivers/STM32G4xx_HAL_Driver/Src/stm32g4xx_hal_uart_ex.o
                                      0xe2a74 (size before relaxing)

.comment        0x0000000000000000       0x50
 .comment       0x0000000000000000       0x50 ./Core/Src/gpio.o
                                         0x51 (size before relaxing)
 .comment       0x0000000000000050       0x51 ./Core/Src/main.o
 .comment       0x0000000000000050       0x51 ./Core/Src/stm32g4xx_hal_msp.o
 .comment       0x0000000000000050       0x51 ./Core/Src/stm32g4xx_it.o
 .comment       0x0000000000000050       0x51 ./Core/Src/system_stm32g4xx.o
 .comment       0x0000000000000050       0x51 ./Core/Src/usart.o
 .comment       0x0000000000000050       0x51 ./Drivers/STM32G4xx_HAL_Driver/Src/stm32g4xx_hal.o
 .comment       0x0000000000000050       0x51 ./Drivers/STM32G4xx_HAL_Driver/Src/stm32g4xx_hal_cortex.o
 .comment       0x0000000000000050       0x51 ./Drivers/STM32G4xx_HAL_Driver/Src/stm32g4xx_hal_gpio.o
 .comment       0x0000000000000050       0x51 ./Drivers/STM32G4xx_HAL_Driver/Src/stm32g4xx_hal_pwr_ex.o
 .comment       0x0000000000000050       0x51 ./Drivers/STM32G4xx_HAL_Driver/Src/stm32g4xx_hal_rcc.o
 .comment       0x0000000000000050       0x51 ./Drivers/STM32G4xx_HAL_Driver/Src/stm32g4xx_hal_rcc_ex.o
 .comment       0x0000000000000050       0x51 ./Drivers/STM32G4xx_HAL_Driver/Src/stm32g4xx_hal_uart.o
 .comment       0x0000000000000050       0x51 ./Drivers/STM32G4xx_HAL_Driver/Src/stm32g4xx_hal_uart_ex.o

.debug_frame    0x0000000000000000     0x2508
 .debug_frame   0x0000000000000000       0x34 ./Core/Src/gpio.o
 .debug_frame   0x0000000000000034       0x6c ./Core/Src/main.o
 .debug_frame   0x00000000000000a0       0x34 ./Core/Src/stm32g4xx_hal_msp.o
 .debug_frame   0x00000000000000d4      0x120 ./Core/Src/stm32g4xx_it.o
 .debug_frame   0x00000000000001f4       0x58 ./Core/Src/system_stm32g4xx.o
 .debug_frame   0x000000000000024c       0x78 ./Core/Src/usart.o
 .debug_frame   0x00000000000002c4      0x4a0 ./Drivers/STM32G4xx_HAL_Driver/Src/stm32g4xx_hal.o
 .debug_frame   0x0000000000000764      0x498 ./Drivers/STM32G4xx_HAL_Driver/Src/stm32g4xx_hal_cortex.o
 .debug_frame   0x0000000000000bfc      0x14c ./Drivers/STM32G4xx_HAL_Driver/Src/stm32g4xx_hal_gpio.o
 .debug_frame   0x0000000000000d48      0x4fc ./Drivers/STM32G4xx_HAL_Driver/Src/stm32g4xx_hal_pwr_ex.o
 .debug_frame   0x0000000000001244      0x23c ./Drivers/STM32G4xx_HAL_Driver/Src/stm32g4xx_hal_rcc.o
 .debug_frame   0x0000000000001480      0x2ac ./Drivers/STM32G4xx_HAL_Driver/Src/stm32g4xx_hal_rcc_ex.o
 .debug_frame   0x000000000000172c      0xa94 ./Drivers/STM32G4xx_HAL_Driver/Src/stm32g4xx_hal_uart.o
 .debug_frame   0x00000000000021c0      0x29c ./Drivers/STM32G4xx_HAL_Driver/Src/stm32g4xx_hal_uart_ex.o
 .debug_frame   0x000000000000245c       0x2c c:/st/stm32cubeide_1.10.1/stm32cubeide/plugins/com.st.stm32cube.ide.mcu.externaltools.gnu-tools-for-stm32.10.3-2021.10.win32_1.0.0.202111181127/tools/bin/../lib/gcc/arm-none-eabi/10.3.1/../../../../arm-none-eabi/lib/thumb/v7e-m+fp/hard\libc_nano.a(lib_a-init.o)
 .debug_frame   0x0000000000002488       0x20 c:/st/stm32cubeide_1.10.1/stm32cubeide/plugins/com.st.stm32cube.ide.mcu.externaltools.gnu-tools-for-stm32.10.3-2021.10.win32_1.0.0.202111181127/tools/bin/../lib/gcc/arm-none-eabi/10.3.1/../../../../arm-none-eabi/lib/thumb/v7e-m+fp/hard\libc_nano.a(lib_a-memset.o)
 .debug_frame   0x00000000000024a8       0x2c c:/st/stm32cubeide_1.10.1/stm32cubeide/plugins/com.st.stm32cube.ide.mcu.externaltools.gnu-tools-for-stm32.10.3-2021.10.win32_1.0.0.202111181127/tools/bin/../lib/gcc/arm-none-eabi/10.3.1/thumb/v7e-m+fp/hard\libgcc.a(_aeabi_uldivmod.o)
 .debug_frame   0x00000000000024d4       0x34 c:/st/stm32cubeide_1.10.1/stm32cubeide/plugins/com.st.stm32cube.ide.mcu.externaltools.gnu-tools-for-stm32.10.3-2021.10.win32_1.0.0.202111181127/tools/bin/../lib/gcc/arm-none-eabi/10.3.1/thumb/v7e-m+fp/hard\libgcc.a(_udivmoddi4.o)
